
> bakery-management-system@1.0.0 build
> next build

Γû▓ Next.js 16.1.6 (Turbopack)
- Environments: .env.local

  Creating an optimized production build ...
Γ£ô Compiled successfully in 17.1s
  Running TypeScript ...
node.exe : Failed to compile.
At line:1 char:1
+ & "C:\Program Files\nodejs/node.exe" "C:\Users\Rop PC\AppData\Roaming ...
+ ~~~~~~~~~~~~~~~~~~~~~~~~~~~~~~~~~~~~~~~~~~~~~~~~~~~~~~~~~~~~~~~~~~~~~
    + CategoryInfo          : NotSpecified: (Failed to compile.:String) [], Re 
   moteException
    + FullyQualifiedErrorId : NativeCommandError
 

./src/app/(dashboard)/production/routes/riders/page.tsx:45:21
Type error: Argument of type 'RouteRider[]' is not assignable to parameter of 
type 'SetStateAction<Rider[]>'.
  Type 'RouteRider[]' is not assignable to type 'Rider[]'.
    Property 'name' is missing in type 'RouteRider' but required in type 
'Rider'.

[0m [90m 43 |[39m         [36mconst[39m response [33m=[39m 
[36mawait[39m getAllRouteRiders()[33m;[39m
 [90m 44 |[39m         [36mif[39m (response[33m.[39msuccess) {
[31m[1m>[22m[39m[90m 45 |[39m           
setRiders(response[33m.[39mdata [33m||[39m [])[33m;[39m
 [90m    |[39m                     [31m[1m^[22m[39m
 [90m 46 |[39m         } [36melse[39m {
 [90m 47 |[39m           toast[33m.[39merror([32m'Failed to load 
riders'[39m)[33m;[39m
 [90m 48 |[39m         }[0m
Next.js build worker exited with code: 1 and signal: null
